test/common.cpp
test/inventory.cpp
test/io.cpp
test/llapp_tut.cpp
test/llbase64_tut.cpp
test/llblowfish_tut.cpp
test/llbuffer_tut.cpp
test/llcontrol_tut.cpp
test/lldate_tut.cpp
test/llerror_tut.cpp
test/llhost_tut.cpp
test/llhttpdate_tut.cpp
test/llhttpclient_tut.cpp
test/llhttpnode_tut.cpp
test/llinventoryparcel_tut.cpp
test/lliohttpserver_tut.cpp
test/lljoint_tut.cpp
test/llmime_tut.cpp
test/llmessageconfig_tut.cpp
test/llmessagetemplateparser_tut.cpp
test/llnamevalue_tut.cpp
test/llpermissions_tut.cpp
test/llpipeutil.cpp
test/llquaternion_tut.cpp
test/llrandom_tut.cpp
test/llsaleinfo_tut.cpp
test/llsdmessagebuilder_tut.cpp
test/llsdmessagereader_tut.cpp
test/llsd_new_tut.cpp
test/llsdserialize_tut.cpp
test/llsdutil_tut.cpp
test/llservicebuilder_tut.cpp
test/llstreamtools_tut.cpp
test/lltemplatemessagebuilder_tut.cpp
test/lltiming_tut.cpp
test/lltut.cpp
test/lluri_tut.cpp
test/lluuidhashmap_tut.cpp
test/llxfer_tut.cpp
test/math.cpp
test/message_tut.cpp
test/prim_linkability_tut.cpp
test/reflection_tut.cpp
test/test.cpp
test/v2math_tut.cpp
test/v3color_tut.cpp
test/v3dmath_tut.cpp
test/v3math_tut.cpp
test/v4color_tut.cpp
test/v4coloru_tut.cpp
test/v4math_tut.cpp
