llmessage/llassetstorage.cpp
llmessage/llblowfishcipher.cpp
llmessage/llbuffer.cpp
llmessage/llbufferstream.cpp
llmessage/llcachename.cpp
llmessage/llchainio.cpp
llmessage/llcircuit.cpp
llmessage/llclassifiedflags.cpp
llmessage/llcurl.cpp
llmessage/lldatapacker.cpp
llmessage/lldispatcher.cpp
llmessage/llfiltersd2xmlrpc.cpp
llmessage/llhost.cpp
llmessage/llhttpassetstorage.cpp
llmessage/llhttpclient.cpp
llmessage/llhttpnode.cpp
llmessage/llhttpsender.cpp
llmessage/llinstantmessage.cpp
llmessage/lliobuffer.cpp
llmessage/lliohttpserver.cpp
llmessage/lliopipe.cpp
llmessage/lliosocket.cpp
llmessage/llioutil.cpp
llmessage/lllogtextmessage.cpp
llmessage/llmail.cpp
llmessage/llmessagebuilder.cpp
llmessage/llmessageconfig.cpp
llmessage/llmessagereader.cpp
llmessage/llmessagetemplate.cpp
llmessage/llmessagethrottle.cpp
llmessage/llmime.cpp
llmessage/llnamevalue.cpp
llmessage/llnullcipher.cpp
llmessage/llpacketbuffer.cpp
llmessage/llpacketring.cpp
llmessage/llpartdata.cpp
llmessage/llpumpio.cpp
llmessage/llsdappservices.cpp
llmessage/llsdhttpserver.cpp
llmessage/llsdmessagereader.cpp
llmessage/llsdmessagebuilder.cpp
llmessage/llsdrpcclient.cpp
llmessage/llsdrpcserver.cpp
llmessage/llservice.cpp
llmessage/llservicebuilder.cpp
llmessage/lltemplatemessagebuilder.cpp
llmessage/lltemplatemessagereader.cpp
llmessage/llthrottle.cpp
llmessage/lltransfermanager.cpp
llmessage/lltransfersourceasset.cpp
llmessage/lltransfersourcefile.cpp
llmessage/lltransfertargetfile.cpp
llmessage/lltransfertargetvfile.cpp
llmessage/llurlrequest.cpp
llmessage/lluseroperation.cpp
llmessage/llxfer.cpp
llmessage/llxfer_file.cpp
llmessage/llxfermanager.cpp
llmessage/llxfer_mem.cpp
llmessage/llxfer_vfile.cpp
llmessage/llxorcipher.cpp
llmessage/message.cpp
llmessage/message_prehash.cpp
llmessage/message_string_table.cpp
llmessage/net.cpp
llmessage/network.cpp
llmessage/partsyspacket.cpp
llmessage/patch_code.cpp
llmessage/patch_dct.cpp
llmessage/patch_idct.cpp
