llcommon/llapp.cpp
llcommon/llapr.cpp
llcommon/llares.cpp
llcommon/llassettype.cpp
llcommon/llbase32.cpp
llcommon/llbase64.cpp
llcommon/llcommon.cpp
llcommon/llcriticaldamp.cpp
llcommon/lldate.cpp
llcommon/llerror.cpp
llcommon/llerrorthread.cpp
llcommon/llevent.cpp
llcommon/llfasttimer.cpp
llcommon/llfile.cpp
llcommon/llfindlocale.cpp
llcommon/llfixedbuffer.cpp
llcommon/llformat.cpp
llcommon/llframetimer.cpp
llcommon/llheartbeat.cpp
llcommon/llindraconfigfile.cpp
llcommon/lllog.cpp
llcommon/llliveappconfig.cpp
llcommon/lllivefile.cpp
llcommon/llmemory.cpp
llcommon/llmemorystream.cpp
llcommon/llmetrics.cpp
llcommon/llmortician.cpp
llcommon/llprocessor.cpp
llcommon/llqueuedthread.cpp
llcommon/llrun.cpp
llcommon/llsd.cpp
llcommon/llsdserialize.cpp
llcommon/llsdserialize_xml.cpp
llcommon/llsdutil.cpp
llcommon/llsecondlifeurls.cpp
llcommon/llstat.cpp
llcommon/llstreamtools.cpp
llcommon/llstring.cpp
llcommon/llstringtable.cpp
llcommon/llsys.cpp
llcommon/llthread.cpp
llcommon/lltimer.cpp
llcommon/lluri.cpp
llcommon/llworkerthread.cpp
llcommon/metaclass.cpp
llcommon/metaproperty.cpp
llcommon/reflective.cpp
llcommon/timing.cpp
llcommon/u64.cpp
