newview/head.cpp
newview/llagent.cpp
newview/llagentdata.cpp
newview/llagentpilot.cpp
newview/llanimalcontrols.cpp
newview/llassetuploadresponders.cpp
newview/llasynchostbyname.cpp
newview/llaudiosourcevo.cpp
newview/llaudiostatus.cpp
newview/llbbox.cpp
newview/llbox.cpp
newview/llcallbacklist.cpp
newview/llcallingcard.cpp
newview/llcameraview.cpp
newview/llcaphttpsender.cpp
newview/llcape.cpp
newview/llchatbar.cpp
newview/llclassifiedinfo.cpp
newview/llcloud.cpp
newview/llcolorscheme.cpp
newview/llcolorswatch.cpp
newview/llcompass.cpp
newview/llcompilequeue.cpp
newview/llconfirmationmanager.cpp
newview/llconsole.cpp
newview/llcontainerview.cpp
newview/llcontroldef.cpp
newview/llcountdown.cpp
newview/llcubemap.cpp
newview/llcurrencyuimanager.cpp
newview/llcylinder.cpp
newview/lldebugmessagebox.cpp
newview/lldebugview.cpp
newview/lldirpicker.cpp
newview/lldrawable.cpp
newview/lldrawpool.cpp
newview/lldrawpoolalpha.cpp
newview/lldrawpoolavatar.cpp
newview/lldrawpoolbump.cpp
newview/lldrawpoolground.cpp
newview/lldrawpoolsimple.cpp
newview/lldrawpoolsky.cpp
newview/lldrawpoolstars.cpp
newview/lldrawpoolterrain.cpp
newview/lldrawpooltree.cpp
newview/lldrawpoolwater.cpp
newview/lldriverparam.cpp
newview/lldynamictexture.cpp
newview/llemote.cpp
newview/lleventinfo.cpp
newview/lleventnotifier.cpp
newview/lleventpoll.cpp
newview/llface.cpp
newview/llfasttimerview.cpp
newview/llfeaturemanager.cpp
newview/llfft.cpp
newview/llfilepicker.cpp
newview/llfirstuse.cpp
newview/llflexibleobject.cpp
newview/llfloaterabout.cpp
newview/llfloateranimpreview.cpp
newview/llfloaterauction.cpp
newview/llfloateravatarinfo.cpp
newview/llfloateravatarpicker.cpp
newview/llfloateravatartextures.cpp
newview/llfloaterbuildoptions.cpp
newview/llfloaterbump.cpp
newview/llfloaterbuycontents.cpp
newview/llfloaterbuy.cpp
newview/llfloaterbuycurrency.cpp
newview/llfloaterbuyland.cpp
newview/llfloaterchat.cpp
newview/llfloaterclothing.cpp
newview/llfloatercolorpicker.cpp
newview/llfloatercustomize.cpp
newview/llfloaterdirectory.cpp
newview/llfloatereditui.cpp
newview/llfloaterfriends.cpp
newview/llfloatergesture.cpp
newview/llfloatergodtools.cpp
newview/llfloatergroupinfo.cpp
newview/llfloatergroupinvite.cpp
newview/llfloatergroups.cpp
newview/llfloaterhtml.cpp
newview/llfloaterhtmlfind.cpp
newview/llfloaterhtmlhelp.cpp
newview/llfloaterimagepreview.cpp
newview/llfloaterimport.cpp
newview/llfloaterinspect.cpp
newview/llfloaterland.cpp
newview/llfloaterlandholdings.cpp
newview/llfloatermap.cpp
newview/llfloatermute.cpp
newview/llfloaternamedesc.cpp
newview/llfloaternewim.cpp
newview/llfloateropenobject.cpp
newview/llfloaterpermissionsmgr.cpp
newview/llfloaterpostcard.cpp
newview/llfloaterpreference.cpp
newview/llfloaterproperties.cpp
newview/llfloaterregioninfo.cpp
newview/llfloaterreporter.cpp
newview/llfloatersaveavatar.cpp
newview/llfloaterscriptdebug.cpp
newview/llfloatersellland.cpp
newview/llfloatersnapshot.cpp
newview/llfloatertelehub.cpp
newview/llfloatertest.cpp
newview/llfloatertools.cpp
newview/llfloatertopobjects.cpp
newview/llfloatertos.cpp
newview/llfloaterworldmap.cpp
newview/llfolderview.cpp
newview/llfollowcam.cpp
newview/llframestats.cpp
newview/llframestatview.cpp
newview/llgenepool.cpp
newview/llgesturemgr.cpp
newview/llgivemoney.cpp
newview/llglsandbox.cpp
newview/llglslshader.cpp
newview/llgroupmgr.cpp
newview/llgroupnotify.cpp
newview/llhippo.cpp
newview/llhoverview.cpp
newview/llhudconnector.cpp
newview/llhudeffectbeam.cpp
newview/llhudeffect.cpp
newview/llhudeffectlookat.cpp
newview/llhudeffectpointat.cpp
newview/llhudeffecttrail.cpp
newview/llhudicon.cpp
newview/llhudmanager.cpp
newview/llhudobject.cpp
newview/llhudrender.cpp
newview/llhudtext.cpp
newview/llhudview.cpp
newview/llimpanel.cpp
newview/llimview.cpp
newview/llinventoryactions.cpp
newview/llinventorybridge.cpp
newview/llinventoryclipboard.cpp
newview/llinventorymodel.cpp
newview/llinventoryview.cpp
newview/lljoystickbutton.cpp
newview/lllandmarklist.cpp
newview/lllocalanimationobject.cpp
newview/lllogchat.cpp
newview/llmanip.cpp
newview/llmaniprotate.cpp
newview/llmanipscale.cpp
newview/llmaniptranslate.cpp
newview/llmapresponders.cpp
newview/llmediaremotectrl.cpp
newview/llmemoryview.cpp
newview/llmenucommands.cpp
newview/llmorphview.cpp
newview/llmoveview.cpp
newview/llmutelist.cpp
newview/llnamebox.cpp
newview/llnameeditor.cpp
newview/llnamelistctrl.cpp
newview/llnetmap.cpp
newview/llnotify.cpp
newview/lloverlaybar.cpp
newview/llpanelaudioprefs.cpp
newview/llpanelavatar.cpp
newview/llpanelclassified.cpp
newview/llpanelcontents.cpp
newview/llpaneldebug.cpp
newview/llpaneldirbrowser.cpp
newview/llpaneldirclassified.cpp
newview/llpaneldirevents.cpp
newview/llpaneldirfind.cpp
newview/llpaneldirgroups.cpp
newview/llpaneldirland.cpp
newview/llpaneldirpeople.cpp
newview/llpaneldirplaces.cpp
newview/llpaneldirpopular.cpp
newview/llpaneldisplay.cpp
newview/llpanelevent.cpp
newview/llpanelface.cpp
newview/llpanelgeneral.cpp
newview/llpanelgroup.cpp
newview/llpanelgroupgeneral.cpp
newview/llpanelgroupinvite.cpp
newview/llpanelgrouplandmoney.cpp
newview/llpanelgroupnotices.cpp
newview/llpanelgrouproles.cpp
newview/llpanelgroupvoting.cpp
newview/llpanelinput.cpp
newview/llpanelinventory.cpp
newview/llpanelland.cpp
newview/llpanellandobjects.cpp
newview/llpanellandoptions.cpp
newview/llpanellogin.cpp
newview/llpanelmorph.cpp
newview/llpanelmsgs.cpp
newview/llpanelnetwork.cpp
newview/llpanelobject.cpp
newview/llpanelpermissions.cpp
newview/llpanelpick.cpp
newview/llpanelplace.cpp
newview/llpanelvolume.cpp
newview/llpanelweb.cpp
newview/llpatchvertexarray.cpp
newview/llpolymesh.cpp
newview/llpolymorph.cpp
newview/llprefschat.cpp
newview/llprefsim.cpp
newview/llpreviewanim.cpp
newview/llpreview.cpp
newview/llpreviewgesture.cpp
newview/llpreviewlandmark.cpp
newview/llpreviewnotecard.cpp
newview/llpreviewscript.cpp
newview/llpreviewsound.cpp
newview/llpreviewtexture.cpp
newview/llprogressview.cpp
newview/llregionposition.cpp
newview/llroam.cpp
newview/llsavedsettingsglue.cpp
newview/llselectmgr.cpp
newview/llsky.cpp
newview/llspatialpartition.cpp
newview/llsphere.cpp
newview/llsprite.cpp
newview/llstartup.cpp
newview/llstatbar.cpp
newview/llstatgraph.cpp
newview/llstatusbar.cpp
newview/llstatview.cpp
newview/llsurface.cpp
newview/llsurfacepatch.cpp
newview/lltexlayer.cpp
newview/lltexturecache.cpp
newview/lltexturefetch.cpp
newview/lltexturectrl.cpp
newview/lltexturetable.cpp
newview/lltextureview.cpp
newview/lltoolbar.cpp
newview/lltoolbrush.cpp
newview/lltoolcomp.cpp
newview/lltool.cpp
newview/lltooldraganddrop.cpp
newview/lltoolface.cpp
newview/lltoolfocus.cpp
newview/lltoolgrab.cpp
newview/lltoolgun.cpp
newview/lltoolindividual.cpp
newview/lltoolmgr.cpp
newview/lltoolmorph.cpp
newview/lltoolobjpicker.cpp
newview/lltoolpie.cpp
newview/lltoolpipette.cpp
newview/lltoolplacer.cpp
newview/lltoolselect.cpp
newview/lltoolselectland.cpp
newview/lltoolselectrect.cpp
newview/lltoolview.cpp
newview/lltracker.cpp
newview/lluploaddialog.cpp
newview/llurl.cpp
newview/llurlwhitelist.cpp
newview/lluserauth.cpp
newview/llvelocitybar.cpp
newview/llviewchildren.cpp
newview/llviewerassetstorage.cpp
newview/llviewercamera.cpp
newview/llviewercontrol.cpp
newview/llviewerdisplay.cpp
newview/llviewergenericmessage.cpp
newview/llviewergesture.cpp
newview/llviewerimage.cpp
newview/llviewerimagelist.cpp
newview/llviewerinventory.cpp
newview/llviewerjointattachment.cpp
newview/llviewerjoint.cpp
newview/llviewerjointmesh.cpp
newview/llviewerjointshape.cpp
newview/llviewerjoystick.cpp
newview/llviewerkeyboard.cpp
newview/llviewerlayer.cpp
newview/llviewermenu.cpp
newview/llviewermenufile.cpp
newview/llviewermessage.cpp
newview/llviewernetwork.cpp
newview/llviewerobject.cpp
newview/llviewerobjectlist.cpp
newview/llviewerparcelmgr.cpp
newview/llviewerparceloverlay.cpp
newview/llviewerpartsim.cpp
newview/llviewerpartsource.cpp
newview/llviewerprecompiledheaders.cpp
newview/llviewerregion.cpp
newview/llviewerstats.cpp
newview/llviewertexteditor.cpp
newview/llviewertextureanim.cpp
newview/llviewerthrottle.cpp
newview/llvieweruictrlfactory.cpp
newview/llviewervisualparam.cpp
newview/llviewerwindow.cpp
newview/llvlcomposition.cpp
newview/llvlmanager.cpp
newview/llvoavatar.cpp
newview/llvocache.cpp
newview/llvoclouds.cpp
newview/llvograss.cpp
newview/llvoground.cpp
newview/llvoinventorylistener.cpp
newview/llvolumesliderctrl.cpp
newview/llvopartgroup.cpp
newview/llvosky.cpp
newview/llvostars.cpp
newview/llvosurfacepatch.cpp
newview/llvotextbubble.cpp
newview/llvotree.cpp
newview/llvovolume.cpp
newview/llvowater.cpp
newview/llwaterpatch.cpp
newview/llwearable.cpp
newview/llwearablelist.cpp
newview/llweb.cpp
newview/llwebbrowserctrl.cpp
newview/llwind.cpp
newview/llwindebug.cpp
newview/llworld.cpp
newview/llworldmap.cpp
newview/llworldmapview.cpp
newview/llxmlrpctransaction.cpp
newview/moviemaker.cpp
newview/noise.cpp
newview/pipeline.cpp
newview/viewer.cpp
